node : (node:40060) 
ExperimentalWarning: VM 
Modules is an experimental 
feature and might change at 
any time
At line:1 char:1
+ node 
--experimental-vm-modules 
node_modules/jest/bin/jest.js 
src/test ...
+ ~~~~~~~~~~~~~~~~~~~~~~~~~~~~
~~~~~~~~~~~~~~~~~~~~~~~~~~~~~~
~~~~~~~~~~~
    + CategoryInfo          : 
    NotSpecified: ((node:400  
  60) Ex...nge at any time:   
 String) [], RemoteExcepti    
on
    + FullyQualifiedErrorId : 
    NativeCommandError
 
(Use `node --trace-warnings 
...` to show where the 
warning was created)
  console.log
    Attempting to send welcome email to: newgoogle@example.com

      at sendWelcomeEmail (src/services/authService.js:147:13)

  console.log
    Email sent successfully: test-id

      at sendWelcomeEmail (src/services/authService.js:149:13)

FAIL src/tests/unit/authServic
e.unit.test.js
  AuthService Unit Tests
    registerUser
      ΓêÜ should throw an 
error if user already exists 
(3 ms)
      ├ù should create a new 
user successfully (64 ms)
    socialLogin (Google)
      ├ù should return 
existing user if email 
matches (1 ms)
      ├ù should create a new 
user if social email is new 
(10 ms)

  ΓùÅ AuthService Unit Tests 
ΓÇ║ registerUser ΓÇ║ should 
create a new user successfully

    secretOrPrivateKey must 
have a value

    [0m [90m 130 |[39m 
[90m// Helper functions[39m
     [90m 131 |[39m 
[36mexport[39m 
[36mconst[39m generateToken 
[33m=[39m (userId[33m,[39m
role[33m,[39memail[33m,[39
mname) [33m=>[39m {
    [31m[1m>[22m[39m[90m 
132 |[39m     
[36mreturn[39m 
jwt[33m.[39msign(
     [90m     |[39m         
       [31m[1m^[22m[39m
     [90m 133 |[39m         
{ id[33m:[39m userId [33m,
[39mrole[33m:[39mrole[33m,
[39memail[33m:[39memail[33m
,[39mname[33m:[39mname}[33
m,[39m
     [90m 134 |[39m         
process[33m.[39menv[33m.[3
9m[33mJWT_SECRET[39m[33m,[
39m
     [90m 135 |[39m         
{ expiresIn[33m:[39m 
[32m'7d'[39m }[0m

      at 
Object.module.exports [as 
sign] (node_modules/jsonwebtok
en/sign.js:111:20)
      at generateToken (src/se
rvices/authService.js:132:16)
      at registerUser (src/ser
vices/authService.js:35:19)
      at Object.<anonymous> (s
rc/tests/unit/authService.unit
.test.js:51:22)

  ΓùÅ AuthService Unit Tests 
ΓÇ║ socialLogin (Google) ΓÇ║ 
should return existing user 
if email matches

    secretOrPrivateKey must 
have a value

    [0m [90m 130 |[39m 
[90m// Helper functions[39m
     [90m 131 |[39m 
[36mexport[39m 
[36mconst[39m generateToken 
[33m=[39m (userId[33m,[39m
role[33m,[39memail[33m,[39
mname) [33m=>[39m {
    [31m[1m>[22m[39m[90m 
132 |[39m     
[36mreturn[39m 
jwt[33m.[39msign(
     [90m     |[39m         
       [31m[1m^[22m[39m
     [90m 133 |[39m         
{ id[33m:[39m userId [33m,
[39mrole[33m:[39mrole[33m,
[39memail[33m:[39memail[33m
,[39mname[33m:[39mname}[33
m,[39m
     [90m 134 |[39m         
process[33m.[39menv[33m.[3
9m[33mJWT_SECRET[39m[33m,[
39m
     [90m 135 |[39m         
{ expiresIn[33m:[39m 
[32m'7d'[39m }[0m

      at 
Object.module.exports [as 
sign] (node_modules/jsonwebtok
en/sign.js:111:20)
      at generateToken (src/se
rvices/authService.js:132:16)
      at socialLogin (src/serv
ices/authService.js:94:19)
      at Object.<anonymous> (s
rc/tests/unit/authService.unit
.test.js:68:22)

  ΓùÅ AuthService Unit Tests 
ΓÇ║ socialLogin (Google) ΓÇ║ 
should create a new user if 
social email is new

    secretOrPrivateKey must 
have a value

    [0m [90m 130 |[39m 
[90m// Helper functions[39m
     [90m 131 |[39m 
[36mexport[39m 
[36mconst[39m generateToken 
[33m=[39m (userId[33m,[39m
role[33m,[39memail[33m,[39
mname) [33m=>[39m {
    [31m[1m>[22m[39m[90m 
132 |[39m     
[36mreturn[39m 
jwt[33m.[39msign(
     [90m     |[39m         
       [31m[1m^[22m[39m
     [90m 133 |[39m         
{ id[33m:[39m userId [33m,
[39mrole[33m:[39mrole[33m,
[39memail[33m:[39memail[33m
,[39mname[33m:[39mname}[33
m,[39m
     [90m 134 |[39m         
process[33m.[39menv[33m.[3
9m[33mJWT_SECRET[39m[33m,[
39m
     [90m 135 |[39m         
{ expiresIn[33m:[39m 
[32m'7d'[39m }[0m

      at 
Object.module.exports [as 
sign] (node_modules/jsonwebtok
en/sign.js:111:20)
      at generateToken (src/se
rvices/authService.js:132:16)
      at socialLogin (src/serv
ices/authService.js:94:19)
      at Object.<anonymous> (s
rc/tests/unit/authService.unit
.test.js:84:22)

Test Suites: 1 failed, 1 total
Tests:       3 failed, 1 
passed, 4 total
Snapshots:   0 total
Time:        0.258 s, 
estimated 1 s
Ran all test suites matching s
rc/tests/unit/authService.unit
.test.js.
